
  .   ____          _            __ _ _
 /\\ / ___'_ __ _ _(_)_ __  __ _ \ \ \ \
( ( )\___ | '_ | '_| | '_ \/ _` | \ \ \ \
 \\/  ___)| |_)| | | | | || (_| |  ) ) ) )
  '  |____| .__|_| |_|_| |_\__, | / / / /
 =========|_|==============|___/=/_/_/_/
 :: Spring Boot ::               (v2.7.18)

2026-06-10 16:38:38.717  INFO 19820 --- [           main] cn.like.rag.LikeRagApplication           : Starting LikeRagApplication v1.0.0 using Java 17.0.16 on Legion-Y7000P with PID 19820 (D:\java-project\java-ai\like_rag\target\like-rag-1.0.0.jar started by like in D:\java-project\java-ai\like_rag)
2026-06-10 16:38:38.722  INFO 19820 --- [           main] cn.like.rag.LikeRagApplication           : No active profile set, falling back to 1 default profile: "default"
2026-06-10 16:38:40.855  INFO 19820 --- [           main] o.s.b.w.embedded.tomcat.TomcatWebServer  : Tomcat initialized with port(s): 18083 (http)
2026-06-10 16:38:40.856  INFO 19820 --- [           main] o.a.catalina.core.AprLifecycleListener   : Loaded Apache Tomcat Native library [2.0.9] using APR version [1.7.6].
2026-06-10 16:38:40.856  INFO 19820 --- [           main] o.a.catalina.core.AprLifecycleListener   : APR capabilities: IPv6 [true], sendfile [true], accept filters [false], random [true], UDS [true].
2026-06-10 16:38:40.856  INFO 19820 --- [           main] o.a.catalina.core.AprLifecycleListener   : APR/OpenSSL configuration: useAprConnector [false], useOpenSSL [true]
2026-06-10 16:38:40.860  INFO 19820 --- [           main] o.a.catalina.core.AprLifecycleListener   : OpenSSL successfully initialized [OpenSSL 3.5.0 8 Apr 2025]
2026-06-10 16:38:40.869  INFO 19820 --- [           main] o.apache.catalina.core.StandardService   : Starting service [Tomcat]
2026-06-10 16:38:40.869  INFO 19820 --- [           main] org.apache.catalina.core.StandardEngine  : Starting Servlet engine: [Apache Tomcat/9.0.83]
2026-06-10 16:38:40.936  INFO 19820 --- [           main] o.a.c.c.C.[Tomcat].[localhost].[/]       : Initializing Spring embedded WebApplicationContext
2026-06-10 16:38:40.937  INFO 19820 --- [           main] w.s.c.ServletWebServerApplicationContext : Root WebApplicationContext: initialization completed in 2110 ms
2026-06-10 16:38:41.142  INFO 19820 --- [           main] com.zaxxer.hikari.HikariDataSource       : HikariPool-1 - Starting...
2026-06-10 16:38:41.547  INFO 19820 --- [           main] com.zaxxer.hikari.HikariDataSource       : HikariPool-1 - Start completed.
2026-06-10 16:38:42.929  WARN 19820 --- [           main] o.a.r.s.a.RocketMQAutoConfiguration      : The necessary spring property 'rocketmq.name-server' is not defined, all rockertmq beans creation are skipped!
2026-06-10 16:38:43.257  INFO 19820 --- [           main] o.s.b.w.embedded.tomcat.TomcatWebServer  : Tomcat started on port(s): 18083 (http) with context path ''
2026-06-10 16:38:43.279  INFO 19820 --- [           main] cn.like.rag.LikeRagApplication           : Started LikeRagApplication in 5.255 seconds (JVM running for 5.958)
