2026-06-10 16:16:36 INFO main - Server is running in TLS permissive mode
2026-06-10 16:16:36 INFO main - Tls config file doesn't exist, skip it
2026-06-10 16:16:36 INFO main - Log the final used tls related configuration
2026-06-10 16:16:36 INFO main - tls.test.mode.enable = true
2026-06-10 16:16:36 INFO main - tls.server.need.client.auth = none
2026-06-10 16:16:36 INFO main - tls.server.keyPath = null
2026-06-10 16:16:36 INFO main - tls.server.keyPassword = null
2026-06-10 16:16:36 INFO main - tls.server.certPath = null
2026-06-10 16:16:36 INFO main - tls.server.authClient = false
2026-06-10 16:16:36 INFO main - tls.server.trustCertPath = null
2026-06-10 16:16:36 INFO main - tls.client.keyPath = null
2026-06-10 16:16:36 INFO main - tls.client.keyPassword = null
2026-06-10 16:16:36 INFO main - tls.client.certPath = null
2026-06-10 16:16:36 INFO main - tls.client.authServer = false
2026-06-10 16:16:36 INFO main - tls.client.trustCertPath = null
2026-06-10 16:16:36 INFO main - Using OpenSSL provider
2026-06-10 16:16:37 INFO main - SSLContext created for server
2026-06-10 16:16:37 INFO main - Server is running in TLS permissive mode
2026-06-10 16:16:37 INFO main - Tls config file doesn't exist, skip it
2026-06-10 16:16:37 INFO main - Log the final used tls related configuration
2026-06-10 16:16:37 INFO main - tls.test.mode.enable = true
2026-06-10 16:16:37 INFO main - tls.server.need.client.auth = none
2026-06-10 16:16:37 INFO main - tls.server.keyPath = null
2026-06-10 16:16:37 INFO main - tls.server.keyPassword = null
2026-06-10 16:16:37 INFO main - tls.server.certPath = null
2026-06-10 16:16:37 INFO main - tls.server.authClient = false
2026-06-10 16:16:37 INFO main - tls.server.trustCertPath = null
2026-06-10 16:16:37 INFO main - tls.client.keyPath = null
2026-06-10 16:16:37 INFO main - tls.client.keyPassword = null
2026-06-10 16:16:37 INFO main - tls.client.certPath = null
2026-06-10 16:16:37 INFO main - tls.client.authServer = false
2026-06-10 16:16:37 INFO main - tls.client.trustCertPath = null
2026-06-10 16:16:37 INFO main - Using OpenSSL provider
2026-06-10 16:16:37 INFO main - SSLContext created for server
2026-06-10 16:16:37 INFO main - name server address updated. NEW : [rocketmq-namesrv:9876] , OLD: null
2026-06-10 16:16:37 INFO main - RemotingServer started, listening 0.0.0.0:10911
2026-06-10 16:16:37 INFO main - RemotingServer started, listening 0.0.0.0:10909
2026-06-10 16:16:37 INFO NettyClientScan_thread_1 - createChannel: begin to connect remote host[rocketmq-namesrv:9876] asynchronously
2026-06-10 16:16:37 INFO NettyClientWorkerThread_1 - NETTY CLIENT PIPELINE: CONNECT  172.29.0.5 => 172.29.0.2:9876
2026-06-10 16:16:37 INFO NettyClientWorkerThread_1 - NETTY CLIENT PIPELINE: ACTIVE, 172.29.0.2:9876, channelId=5bf934f4
2026-06-10 16:16:47 INFO BrokerControllerScheduledThread1 - new name server is chosen. OLD: null , NEW: rocketmq-namesrv:9876. namesrvIndex = 541
